QA output created by 426
test_file_handles TEST_DIR/426-dir -d
test_file_handles TEST_DIR/426-dir
test_file_handles TEST_DIR/426-dir -l
test_file_handles TEST_DIR/426-dir -u
