QA output created by 467
test_file_handles TEST_DIR/467-dir -dp
test_file_handles TEST_DIR/467-dir -rp
test_file_handles TEST_DIR/467-dir -dkr
test_file_handles TEST_DIR/467-dir -lr
test_file_handles TEST_DIR/467-dir -ur
test_file_handles TEST_DIR/467-dir -mr
test_file_handles TEST_DIR/467-dir.renamed -rp
test_file_handles TEST_DIR/467-dir.new -rp
