QA output created by 477
test_file_handles after cycle mount
test_file_handles after rename parent
test_file_handles after rename grandparent
test_file_handles after move to new parent
