QA output created by 016
wrote 16/16 bytes at offset 0
XXX Bytes, X ops; XX:XX:XX.X (XXX YYY/sec and XXX ops/sec)
[000] SCRATCH_MNT/foo (foreign,non-sync,non-direct,read-only)
 001  SCRATCH_MNT/foo (foreign,non-sync,non-direct,read-write)
00000000:  61 61 61 61 61 61 61 61 61 61 61 61 61 61 61 61  aaaaaaaaaaaaaaaa
read 16/16 bytes at offset 0
XXX Bytes, X ops; XX:XX:XX.X (XXX YYY/sec and XXX ops/sec)
