QA output created by 023
# file: SCRATCH_DEV/OVL_WORK/work
# owner: root
# group: root
user::---
group::---
other::---

