QA output created by 061
wrote 16/16 bytes at offset 0
XXX Bytes, X ops; XX:XX:XX.X (XXX YYY/sec and XXX ops/sec)
00000000:  61 61 61 61 61 61 61 61 61 61 61 61 61 61 61 61  aaaaaaaaaaaaaaaa
